2026-02-17 15:51:31,918 [INFO] VAULT777 BOT | DryRun=True | Bet=$1.0 | MinConf=60%
2026-02-17 15:51:34,108 [INFO] BTC  HOLD  conf=0%  vol=0.0000%  5m=+0.0000%
2026-02-17 15:51:34,122 [INFO] ETH  HOLD  conf=0%  vol=0.0000%  5m=+0.0000%
2026-02-17 15:51:34,126 [INFO] SOL  HOLD  conf=0%  vol=0.0000%  5m=+0.0000%
2026-02-17 15:52:06,241 [INFO] BTC  HOLD  conf=0%  vol=0.0000%  5m=+0.0000%
2026-02-17 15:52:06,243 [INFO] ETH  HOLD  conf=0%  vol=0.0000%  5m=+0.0000%
2026-02-17 15:52:06,243 [INFO] SOL  HOLD  conf=0%  vol=0.0000%  5m=+0.0000%
2026-02-17 15:52:38,539 [INFO] BTC  HOLD  conf=0%  vol=0.0000%  5m=+0.0000%
2026-02-17 15:52:38,540 [INFO] ETH  HOLD  conf=0%  vol=0.0000%  5m=+0.0000%
2026-02-17 15:52:38,541 [INFO] SOL  HOLD  conf=0%  vol=0.0000%  5m=+0.0000%
2026-02-17 15:53:10,989 [INFO] BTC  HOLD  conf=30%  vol=0.0147%  5m=-0.0254%
2026-02-17 16:00:11,633 [INFO] BTC  HOLD  conf=30%  vol=0.0556%  5m=+0.1692%
2026-02-17 16:00:11,635 [INFO] ETH  HOLD  conf=30%  vol=0.0626%  5m=+0.0473%
2026-02-17 16:00:11,636 [INFO] SOL  HOLD  conf=30%  vol=0.0197%  5m=-0.0360%
2026-02-17 16:00:44,032 [INFO] BTC  HOLD  conf=30%  vol=0.0608%  5m=+0.0673%
2026-02-17 16:00:44,033 [INFO] ETH  HOLD  conf=59%  vol=0.0628%  5m=+0.0673%
2026-02-17 16:00:44,039 [INFO] SOL  HOLD  conf=30%  vol=0.0186%  5m=-0.0240%
2026-02-17 16:01:16,254 [INFO] BTC  HOLD  conf=30%  vol=0.0608%  5m=+0.0673%
2026-02-17 16:01:16,256 [INFO] ETH  HOLD  conf=59%  vol=0.0628%  5m=+0.0673%
2026-02-17 16:01:16,257 [INFO] SOL  HOLD  conf=30%  vol=0.0186%  5m=-0.0240%
2026-02-17 16:01:48,291 [INFO] SOL  HOLD  conf=30%  vol=0.0192%  5m=-0.0120%
2026-02-17 16:02:20,014 [INFO] SOL  HOLD  conf=30%  vol=0.0192%  5m=-0.0120%
2026-02-17 16:02:51,956 [INFO] SOL  HOLD  conf=30%  vol=0.0192%  5m=-0.0120%
2026-02-17 16:03:24,106 [INFO] SOL  HOLD  conf=30%  vol=0.0208%  5m=+0.0120%
2026-02-17 16:03:56,064 [INFO] SOL  HOLD  conf=30%  vol=0.0204%  5m=+0.0000%
2026-02-17 16:04:27,999 [INFO] SOL  HOLD  conf=30%  vol=0.0218%  5m=+0.0240%
2026-02-17 16:10:20,348 [INFO] BTC  HOLD  conf=59%  vol=0.0518%  5m=+0.0582%
2026-02-17 16:10:52,746 [INFO] BTC  HOLD  conf=30%  vol=0.0508%  5m=+0.0045%
2026-02-17 16:11:25,010 [INFO] BTC  HOLD  conf=30%  vol=0.0534%  5m=-0.0477%
2026-02-17 16:11:56,955 [INFO] BTC  HOLD  conf=30%  vol=0.0533%  5m=-0.0328%
